Archive member included to satisfy reference by file (symbol)

c:/program files (x86)/atmel/studio/7.0/toolchain/avr8/avr8-gnu-toolchain/bin/../lib/gcc/avr/4.9.2/avr5\libgcc.a(_udivmodhi4.o)
                              RTOS/Source/queue.o (__udivmodhi4)
c:/program files (x86)/atmel/studio/7.0/toolchain/avr8/avr8-gnu-toolchain/bin/../lib/gcc/avr/4.9.2/avr5\libgcc.a(_udivmodsi4.o)
                              MCAL/TIMERS/TIMER0/TMR0_Program.o (__udivmodsi4)
c:/program files (x86)/atmel/studio/7.0/toolchain/avr8/avr8-gnu-toolchain/bin/../lib/gcc/avr/4.9.2/avr5\libgcc.a(_exit.o)
                              C:/Program Files (x86)/Atmel/Studio/7.0/Packs/atmel/ATmega_DFP/1.1.130/gcc/dev/atmega32/avr5/crtatmega32.o (exit)
c:/program files (x86)/atmel/studio/7.0/toolchain/avr8/avr8-gnu-toolchain/bin/../lib/gcc/avr/4.9.2/avr5\libgcc.a(_copy_data.o)
                              APP/main.o (__do_copy_data)
c:/program files (x86)/atmel/studio/7.0/toolchain/avr8/avr8-gnu-toolchain/bin/../lib/gcc/avr/4.9.2/avr5\libgcc.a(_clear_bss.o)
                              MCAL/EXE_INTERRUPT/EXTI_Program.o (__do_clear_bss)
c:/program files (x86)/atmel/studio/7.0/toolchain/avr8/avr8-gnu-toolchain/bin/../lib/gcc/avr/4.9.2/avr5\libgcc.a(_umulhisi3.o)
                              MCAL/TIMERS/TIMER0/TMR0_Program.o (__umulhisi3)
c:/program files (x86)/atmel/studio/7.0/toolchain/avr8/avr8-gnu-toolchain/bin/../lib/gcc/avr/4.9.2/../../../../avr/lib/avr5\libc.a(memcpy.o)
                              RTOS/Source/queue.o (memcpy)

Allocating common symbols
Common symbol       size              file

xRecieveTaskHandle  0x2               RTOS/API/API_Task.o
xInitTaskHandle     0x2               RTOS/API/API_Task.o

Discarded input sections

 .data          0x00000000        0x0 C:/Program Files (x86)/Atmel/Studio/7.0/Packs/atmel/ATmega_DFP/1.1.130/gcc/dev/atmega32/avr5/crtatmega32.o
 .bss           0x00000000        0x0 C:/Program Files (x86)/Atmel/Studio/7.0/Packs/atmel/ATmega_DFP/1.1.130/gcc/dev/atmega32/avr5/crtatmega32.o
 .text          0x00000000        0x0 APP/main.o
 .data          0x00000000        0x0 APP/main.o
 .bss           0x00000000        0x0 APP/main.o
 .text          0x00000000        0x0 HAL/LED/LED0/LED0_Program.o
 .data          0x00000000        0x0 HAL/LED/LED0/LED0_Program.o
 .bss           0x00000000        0x0 HAL/LED/LED0/LED0_Program.o
 .text.LED0_Initialization
                0x00000000        0xc HAL/LED/LED0/LED0_Program.o
 .text.LED0_ON  0x00000000        0xc HAL/LED/LED0/LED0_Program.o
 .text.LED0_OFF
                0x00000000        0xc HAL/LED/LED0/LED0_Program.o
 .text.LED0_Toggle
                0x00000000        0xa HAL/LED/LED0/LED0_Program.o
 .debug_info    0x00000000      0x24a HAL/LED/LED0/LED0_Program.o
 .debug_abbrev  0x00000000       0xab HAL/LED/LED0/LED0_Program.o
 .debug_aranges
                0x00000000       0x38 HAL/LED/LED0/LED0_Program.o
 .debug_ranges  0x00000000       0x28 HAL/LED/LED0/LED0_Program.o
 .debug_line    0x00000000       0xe0 HAL/LED/LED0/LED0_Program.o
 .debug_str     0x00000000      0x2e0 HAL/LED/LED0/LED0_Program.o
 .comment       0x00000000       0x31 HAL/LED/LED0/LED0_Program.o
 .debug_frame   0x00000000       0x54 HAL/LED/LED0/LED0_Program.o
 .text          0x00000000        0x0 HAL/LED/LED1/LED1_Program.o
 .data          0x00000000        0x0 HAL/LED/LED1/LED1_Program.o
 .bss           0x00000000        0x0 HAL/LED/LED1/LED1_Program.o
 .text.LED1_Initialization
                0x00000000        0xc HAL/LED/LED1/LED1_Program.o
 .text.LED1_ON  0x00000000        0xc HAL/LED/LED1/LED1_Program.o
 .text.LED1_OFF
                0x00000000        0xc HAL/LED/LED1/LED1_Program.o
 .text.LED1_Toggle
                0x00000000        0xa HAL/LED/LED1/LED1_Program.o
 .debug_info    0x00000000      0x24a HAL/LED/LED1/LED1_Program.o
 .debug_abbrev  0x00000000       0xab HAL/LED/LED1/LED1_Program.o
 .debug_aranges
                0x00000000       0x38 HAL/LED/LED1/LED1_Program.o
 .debug_ranges  0x00000000       0x28 HAL/LED/LED1/LED1_Program.o
 .debug_line    0x00000000       0xe0 HAL/LED/LED1/LED1_Program.o
 .debug_str     0x00000000      0x2e0 HAL/LED/LED1/LED1_Program.o
 .comment       0x00000000       0x31 HAL/LED/LED1/LED1_Program.o
 .debug_frame   0x00000000       0x54 HAL/LED/LED1/LED1_Program.o
 .text          0x00000000        0x0 HAL/LED/LED2/LED2_Program.o
 .data          0x00000000        0x0 HAL/LED/LED2/LED2_Program.o
 .bss           0x00000000        0x0 HAL/LED/LED2/LED2_Program.o
 .text.LED2_Initialization
                0x00000000        0xc HAL/LED/LED2/LED2_Program.o
 .text.LED2_ON  0x00000000        0xc HAL/LED/LED2/LED2_Program.o
 .text.LED2_OFF
                0x00000000        0xc HAL/LED/LED2/LED2_Program.o
 .text.LED2_Toggle
                0x00000000        0xa HAL/LED/LED2/LED2_Program.o
 .debug_info    0x00000000      0x24a HAL/LED/LED2/LED2_Program.o
 .debug_abbrev  0x00000000       0xab HAL/LED/LED2/LED2_Program.o
 .debug_aranges
                0x00000000       0x38 HAL/LED/LED2/LED2_Program.o
 .debug_ranges  0x00000000       0x28 HAL/LED/LED2/LED2_Program.o
 .debug_line    0x00000000       0xe0 HAL/LED/LED2/LED2_Program.o
 .debug_str     0x00000000      0x2e0 HAL/LED/LED2/LED2_Program.o
 .comment       0x00000000       0x31 HAL/LED/LED2/LED2_Program.o
 .debug_frame   0x00000000       0x54 HAL/LED/LED2/LED2_Program.o
 .text          0x00000000        0x0 HAL/RELAY/RELAY0/RELAY0_Program.o
 .data          0x00000000        0x0 HAL/RELAY/RELAY0/RELAY0_Program.o
 .bss           0x00000000        0x0 HAL/RELAY/RELAY0/RELAY0_Program.o
 .text          0x00000000        0x0 HAL/RELAY/RELAY1/RELAY1_Program.o
 .data          0x00000000        0x0 HAL/RELAY/RELAY1/RELAY1_Program.o
 .bss           0x00000000        0x0 HAL/RELAY/RELAY1/RELAY1_Program.o
 .text          0x00000000        0x0 MCAL/ADC/ADC_Program.o
 .data          0x00000000        0x0 MCAL/ADC/ADC_Program.o
 .bss           0x00000000        0x0 MCAL/ADC/ADC_Program.o
 .text.ADC_Init
                0x00000000        0xa MCAL/ADC/ADC_Program.o
 .text.ADC_Read
                0x00000000       0x1c MCAL/ADC/ADC_Program.o
 .debug_info    0x00000000      0x10d MCAL/ADC/ADC_Program.o
 .debug_abbrev  0x00000000       0x90 MCAL/ADC/ADC_Program.o
 .debug_loc     0x00000000       0x21 MCAL/ADC/ADC_Program.o
 .debug_aranges
                0x00000000       0x28 MCAL/ADC/ADC_Program.o
 .debug_ranges  0x00000000       0x18 MCAL/ADC/ADC_Program.o
 .debug_line    0x00000000      0x102 MCAL/ADC/ADC_Program.o
 .debug_str     0x00000000      0x25c MCAL/ADC/ADC_Program.o
 .comment       0x00000000       0x31 MCAL/ADC/ADC_Program.o
 .debug_frame   0x00000000       0x34 MCAL/ADC/ADC_Program.o
 .text          0x00000000        0x0 MCAL/DIO/DIO_Program.o
 .data          0x00000000        0x0 MCAL/DIO/DIO_Program.o
 .bss           0x00000000        0x0 MCAL/DIO/DIO_Program.o
 .text.DIO_TogglePinValue
                0x00000000       0x68 MCAL/DIO/DIO_Program.o
 .text.DIO_GetPinValue
                0x00000000       0x5c MCAL/DIO/DIO_Program.o
 .text          0x00000000        0x0 MCAL/EXE_INTERRUPT/EXTI_Program.o
 .data          0x00000000        0x0 MCAL/EXE_INTERRUPT/EXTI_Program.o
 .bss           0x00000000        0x0 MCAL/EXE_INTERRUPT/EXTI_Program.o
 .text          0x00000000        0x0 MCAL/I2C/I2C_Program.o
 .data          0x00000000        0x0 MCAL/I2C/I2C_Program.o
 .bss           0x00000000        0x0 MCAL/I2C/I2C_Program.o
 .text.I2C_InitMaster
                0x00000000        0xc MCAL/I2C/I2C_Program.o
 .text.I2C_MasterSendStartCondition
                0x00000000        0xc MCAL/I2C/I2C_Program.o
 .text.I2C_MasterSendStopCondition
                0x00000000        0x6 MCAL/I2C/I2C_Program.o
 .text.I2C_MasterSendRepeatedStartCondition
                0x00000000        0xc MCAL/I2C/I2C_Program.o
 .text.I2C_MasterSendSlaveAddressWithWrite
                0x00000000       0x10 MCAL/I2C/I2C_Program.o
 .text.I2C_MasterSendSlaveAddressWithRead
                0x00000000       0x12 MCAL/I2C/I2C_Program.o
 .text.I2C_MasterTransmitDataByte
                0x00000000        0xe MCAL/I2C/I2C_Program.o
 .text.I2C_MasterReceiveDataByteWithACK
                0x00000000        0xe MCAL/I2C/I2C_Program.o
 .text.I2C_MasterReceiveDataByteWithNoACK
                0x00000000        0xe MCAL/I2C/I2C_Program.o
 .text.I2C_InitSlave
                0x00000000        0xa MCAL/I2C/I2C_Program.o
 .text.I2C_SlaveTransmitDataByte
                0x00000000        0xe MCAL/I2C/I2C_Program.o
 .text.I2C_SlaveReceiveDataByte
                0x00000000        0xe MCAL/I2C/I2C_Program.o
 .debug_info    0x00000000      0x271 MCAL/I2C/I2C_Program.o
 .debug_abbrev  0x00000000       0xaa MCAL/I2C/I2C_Program.o
 .debug_loc     0x00000000       0xff MCAL/I2C/I2C_Program.o
 .debug_aranges
                0x00000000       0x78 MCAL/I2C/I2C_Program.o
 .debug_ranges  0x00000000       0x68 MCAL/I2C/I2C_Program.o
 .debug_line    0x00000000      0x225 MCAL/I2C/I2C_Program.o
 .debug_str     0x00000000      0x3c4 MCAL/I2C/I2C_Program.o
 .comment       0x00000000       0x31 MCAL/I2C/I2C_Program.o
 .debug_frame   0x00000000       0xd4 MCAL/I2C/I2C_Program.o
 .text          0x00000000        0x0 MCAL/SPI/SPI_Program.o
 .data          0x00000000        0x0 MCAL/SPI/SPI_Program.o
 .bss           0x00000000        0x0 MCAL/SPI/SPI_Program.o
 .text.SPI_InitMaster
                0x00000000       0x32 MCAL/SPI/SPI_Program.o
 .text.SPI_Transmit
                0x00000000        0x8 MCAL/SPI/SPI_Program.o
 .text.SPI_Transceive
                0x00000000        0xa MCAL/SPI/SPI_Program.o
 .text          0x00000000        0x0 MCAL/TIMERS/TIMER0/TMR0_Program.o
 .data          0x00000000        0x0 MCAL/TIMERS/TIMER0/TMR0_Program.o
 .bss           0x00000000        0x0 MCAL/TIMERS/TIMER0/TMR0_Program.o
 .text.TMR0_Stop
                0x00000000        0x8 MCAL/TIMERS/TIMER0/TMR0_Program.o
 .text.TMR0_SetCallback
                0x00000000        0xa MCAL/TIMERS/TIMER0/TMR0_Program.o
 .text          0x00000000        0x0 MCAL/TIMERS/TIMER1/TMR1_Program.o
 .data          0x00000000        0x0 MCAL/TIMERS/TIMER1/TMR1_Program.o
 .bss           0x00000000        0x0 MCAL/TIMERS/TIMER1/TMR1_Program.o
 .text.TMR1_Start
                0x00000000        0x2 MCAL/TIMERS/TIMER1/TMR1_Program.o
 .text.TMR1_Stop
                0x00000000        0x8 MCAL/TIMERS/TIMER1/TMR1_Program.o
 .text.TMR1_SetCallbackA
                0x00000000       0x10 MCAL/TIMERS/TIMER1/TMR1_Program.o
 .text.TMR1_SetCallbackB
                0x00000000       0x10 MCAL/TIMERS/TIMER1/TMR1_Program.o
 .text.TMR1_SetOverflowCallback
                0x00000000       0x10 MCAL/TIMERS/TIMER1/TMR1_Program.o
 .text.TMR1_PWM_SetDutyCycleB
                0x00000000        0x8 MCAL/TIMERS/TIMER1/TMR1_Program.o
 .bss.TMR1_CallbackB
                0x00000000        0x2 MCAL/TIMERS/TIMER1/TMR1_Program.o
 .text          0x00000000        0x0 RTOS/API/API_Task.o
 .data          0x00000000        0x0 RTOS/API/API_Task.o
 .bss           0x00000000        0x0 RTOS/API/API_Task.o
 .text          0x00000000        0x0 RTOS/Source/croutine.o
 .data          0x00000000        0x0 RTOS/Source/croutine.o
 .bss           0x00000000        0x0 RTOS/Source/croutine.o
 .debug_info    0x00000000       0x64 RTOS/Source/croutine.o
 .debug_abbrev  0x00000000       0x26 RTOS/Source/croutine.o
 .debug_aranges
                0x00000000       0x18 RTOS/Source/croutine.o
 .debug_line    0x00000000       0x1a RTOS/Source/croutine.o
 .debug_str     0x00000000      0x19f RTOS/Source/croutine.o
 .comment       0x00000000       0x31 RTOS/Source/croutine.o
 .text          0x00000000        0x0 RTOS/Source/event_groups.o
 .data          0x00000000        0x0 RTOS/Source/event_groups.o
 .bss           0x00000000        0x0 RTOS/Source/event_groups.o
 .text.xEventGroupCreate
                0x00000000       0x26 RTOS/Source/event_groups.o
 .text.xEventGroupWaitBits
                0x00000000      0x110 RTOS/Source/event_groups.o
 .text.xEventGroupClearBits
                0x00000000       0x1e RTOS/Source/event_groups.o
 .text.xEventGroupGetBitsFromISR
                0x00000000        0x8 RTOS/Source/event_groups.o
 .text.xEventGroupSetBits
                0x00000000       0xdc RTOS/Source/event_groups.o
 .text.xEventGroupSync
                0x00000000       0xce RTOS/Source/event_groups.o
 .text.vEventGroupDelete
                0x00000000       0x32 RTOS/Source/event_groups.o
 .text.vEventGroupSetBitsCallback
                0x00000000        0x8 RTOS/Source/event_groups.o
 .text.vEventGroupClearBitsCallback
                0x00000000        0x8 RTOS/Source/event_groups.o
 .debug_info    0x00000000      0x950 RTOS/Source/event_groups.o
 .debug_abbrev  0x00000000      0x25d RTOS/Source/event_groups.o
 .debug_loc     0x00000000      0xb5e RTOS/Source/event_groups.o
 .debug_aranges
                0x00000000       0x60 RTOS/Source/event_groups.o
 .debug_ranges  0x00000000       0x68 RTOS/Source/event_groups.o
 .debug_line    0x00000000      0x43b RTOS/Source/event_groups.o
 .debug_str     0x00000000      0x5ba RTOS/Source/event_groups.o
 .comment       0x00000000       0x31 RTOS/Source/event_groups.o
 .debug_frame   0x00000000      0x158 RTOS/Source/event_groups.o
 .text          0x00000000        0x0 RTOS/Source/heap_4.o
 .data          0x00000000        0x0 RTOS/Source/heap_4.o
 .bss           0x00000000        0x0 RTOS/Source/heap_4.o
 .text.xPortGetFreeHeapSize
                0x00000000        0xa RTOS/Source/heap_4.o
 .text.xPortGetMinimumEverFreeHeapSize
                0x00000000        0xa RTOS/Source/heap_4.o
 .text.vPortInitialiseBlocks
                0x00000000        0x2 RTOS/Source/heap_4.o
 .text          0x00000000        0x0 RTOS/Source/list.o
 .data          0x00000000        0x0 RTOS/Source/list.o
 .bss           0x00000000        0x0 RTOS/Source/list.o
 .text          0x00000000        0x0 RTOS/Source/port.o
 .data          0x00000000        0x0 RTOS/Source/port.o
 .bss           0x00000000        0x0 RTOS/Source/port.o
 .text.vPortEndScheduler
                0x00000000        0x2 RTOS/Source/port.o
 .text          0x00000000        0x0 RTOS/Source/queue.o
 .data          0x00000000        0x0 RTOS/Source/queue.o
 .bss           0x00000000        0x0 RTOS/Source/queue.o
 .text.prvIsQueueEmpty
                0x00000000       0x16 RTOS/Source/queue.o
 .text.prvCopyDataToQueue
                0x00000000       0x96 RTOS/Source/queue.o
 .text.prvCopyDataFromQueue
                0x00000000       0x34 RTOS/Source/queue.o
 .text.prvUnlockQueue
                0x00000000       0x9a RTOS/Source/queue.o
 .text.xQueueGenericReset
                0x00000000       0xc6 RTOS/Source/queue.o
 .text.xQueueGenericCreate
                0x00000000       0x84 RTOS/Source/queue.o
 .text.xQueueGenericSend
                0x00000000      0x142 RTOS/Source/queue.o
 .text.xQueueGenericSendFromISR
                0x00000000       0x84 RTOS/Source/queue.o
 .text.xQueueGiveFromISR
                0x00000000       0x70 RTOS/Source/queue.o
 .text.xQueueReceive
                0x00000000      0x132 RTOS/Source/queue.o
 .text.xQueueSemaphoreTake
                0x00000000      0x11a RTOS/Source/queue.o
 .text.xQueuePeek
                0x00000000      0x132 RTOS/Source/queue.o
 .text.xQueueReceiveFromISR
                0x00000000       0x7a RTOS/Source/queue.o
 .text.xQueuePeekFromISR
                0x00000000       0x2e RTOS/Source/queue.o
 .text.uxQueueMessagesWaiting
                0x00000000       0x10 RTOS/Source/queue.o
 .text.uxQueueSpacesAvailable
                0x00000000       0x14 RTOS/Source/queue.o
 .text.uxQueueMessagesWaitingFromISR
                0x00000000        0x6 RTOS/Source/queue.o
 .text.vQueueDelete
                0x00000000        0x6 RTOS/Source/queue.o
 .text.xQueueIsQueueEmptyFromISR
                0x00000000        0xc RTOS/Source/queue.o
 .text.xQueueIsQueueFullFromISR
                0x00000000        0xe RTOS/Source/queue.o
 .debug_info    0x00000000     0x1576 RTOS/Source/queue.o
 .debug_abbrev  0x00000000      0x300 RTOS/Source/queue.o
 .debug_loc     0x00000000     0x19f7 RTOS/Source/queue.o
 .debug_aranges
                0x00000000       0xb8 RTOS/Source/queue.o
 .debug_ranges  0x00000000      0x150 RTOS/Source/queue.o
 .debug_line    0x00000000      0xaa4 RTOS/Source/queue.o
 .debug_str     0x00000000      0x7c6 RTOS/Source/queue.o
 .comment       0x00000000       0x31 RTOS/Source/queue.o
 .debug_frame   0x00000000      0x310 RTOS/Source/queue.o
 .text          0x00000000        0x0 RTOS/Source/stream_buffer.o
 .data          0x00000000        0x0 RTOS/Source/stream_buffer.o
 .bss           0x00000000        0x0 RTOS/Source/stream_buffer.o
 .text.prvBytesInBuffer
                0x00000000       0x26 RTOS/Source/stream_buffer.o
 .text.prvWriteBytesToBuffer
                0x00000000       0x88 RTOS/Source/stream_buffer.o
 .text.prvWriteMessageToBuffer
                0x00000000       0x8e RTOS/Source/stream_buffer.o
 .text.prvReadBytesFromBuffer
                0x00000000       0x88 RTOS/Source/stream_buffer.o
 .text.prvReadMessageFromBuffer
                0x00000000       0x92 RTOS/Source/stream_buffer.o
 .text.xStreamBufferGenericCreate
                0x00000000       0x6c RTOS/Source/stream_buffer.o
 .text.vStreamBufferDelete
                0x00000000       0x1a RTOS/Source/stream_buffer.o
 .text.xStreamBufferReset
                0x00000000       0x74 RTOS/Source/stream_buffer.o
 .text.xStreamBufferSetTriggerLevel
                0x00000000       0x22 RTOS/Source/stream_buffer.o
 .text.xStreamBufferSpacesAvailable
                0x00000000       0x32 RTOS/Source/stream_buffer.o
 .text.xStreamBufferBytesAvailable
                0x00000000        0x6 RTOS/Source/stream_buffer.o
 .text.xStreamBufferSend
                0x00000000      0x16e RTOS/Source/stream_buffer.o
 .text.xStreamBufferSendFromISR
                0x00000000       0x8e RTOS/Source/stream_buffer.o
 .text.xStreamBufferReceive
                0x00000000      0x102 RTOS/Source/stream_buffer.o
 .text.xStreamBufferNextMessageLengthBytes
                0x00000000       0x54 RTOS/Source/stream_buffer.o
 .text.xStreamBufferReceiveFromISR
                0x00000000       0x8a RTOS/Source/stream_buffer.o
 .text.xStreamBufferIsEmpty
                0x00000000       0x16 RTOS/Source/stream_buffer.o
 .text.xStreamBufferIsFull
                0x00000000       0x2c RTOS/Source/stream_buffer.o
 .text.xStreamBufferSendCompletedFromISR
                0x00000000       0x4c RTOS/Source/stream_buffer.o
 .text.xStreamBufferReceiveCompletedFromISR
                0x00000000       0x4c RTOS/Source/stream_buffer.o
 .debug_info    0x00000000     0x144e RTOS/Source/stream_buffer.o
 .debug_abbrev  0x00000000      0x286 RTOS/Source/stream_buffer.o
 .debug_loc     0x00000000     0x1c93 RTOS/Source/stream_buffer.o
 .debug_aranges
                0x00000000       0xb8 RTOS/Source/stream_buffer.o
 .debug_ranges  0x00000000       0xc0 RTOS/Source/stream_buffer.o
 .debug_line    0x00000000      0x76d RTOS/Source/stream_buffer.o
 .debug_str     0x00000000      0x864 RTOS/Source/stream_buffer.o
 .comment       0x00000000       0x31 RTOS/Source/stream_buffer.o
 .debug_frame   0x00000000      0x3c8 RTOS/Source/stream_buffer.o
 .text          0x00000000        0x0 RTOS/Source/tasks.o
 .data          0x00000000        0x0 RTOS/Source/tasks.o
 .bss           0x00000000        0x0 RTOS/Source/tasks.o
 .text.vTaskDelete
                0x00000000       0xb8 RTOS/Source/tasks.o
 .text.vTaskResume
                0x00000000       0xe6 RTOS/Source/tasks.o
 .text.xTaskResumeFromISR
                0x00000000       0xfc RTOS/Source/tasks.o
 .text.vTaskEndScheduler
                0x00000000        0xc RTOS/Source/tasks.o
 .text.xTaskGetTickCount
                0x00000000       0x14 RTOS/Source/tasks.o
 .text.xTaskGetTickCountFromISR
                0x00000000        0xa RTOS/Source/tasks.o
 .text.uxTaskGetNumberOfTasks
                0x00000000        0x6 RTOS/Source/tasks.o
 .text.pcTaskGetName
                0x00000000       0x10 RTOS/Source/tasks.o
 .text.xTaskCatchUpTicks
                0x00000000       0x34 RTOS/Source/tasks.o
 .text.vTaskPlaceOnEventList
                0x00000000       0x26 RTOS/Source/tasks.o
 .text.vTaskPlaceOnUnorderedEventList
                0x00000000       0x8c RTOS/Source/tasks.o
 .text.xTaskRemoveFromEventList
                0x00000000      0x17c RTOS/Source/tasks.o
 .text.vTaskRemoveFromUnorderedEventList
                0x00000000      0x14e RTOS/Source/tasks.o
 .text.vTaskSetTimeOutState
                0x00000000       0x20 RTOS/Source/tasks.o
 .text.vTaskInternalSetTimeOutState
                0x00000000       0x16 RTOS/Source/tasks.o
 .text.xTaskCheckForTimeOut
                0x00000000       0x78 RTOS/Source/tasks.o
 .text.vTaskMissedYield
                0x00000000        0x8 RTOS/Source/tasks.o
 .text.xTaskGetCurrentTaskHandle
                0x00000000        0xa RTOS/Source/tasks.o
 .text.uxTaskResetEventItemValue
                0x00000000       0x2e RTOS/Source/tasks.o
 .text.ulTaskGenericNotifyTake
                0x00000000      0x102 RTOS/Source/tasks.o
 .text.xTaskGenericNotifyWait
                0x00000000      0x142 RTOS/Source/tasks.o
 .text.xTaskGenericNotify
                0x00000000      0x204 RTOS/Source/tasks.o
 .text.xTaskGenericNotifyFromISR
                0x00000000      0x258 RTOS/Source/tasks.o
 .text.vTaskGenericNotifyGiveFromISR
                0x00000000      0x194 RTOS/Source/tasks.o
 .text.xTaskGenericNotifyStateClear
                0x00000000       0x34 RTOS/Source/tasks.o
 .text.ulTaskGenericNotifyValueClear
                0x00000000       0x68 RTOS/Source/tasks.o
 .text          0x00000000        0x0 RTOS/Source/timers.o
 .data          0x00000000        0x0 RTOS/Source/timers.o
 .bss           0x00000000        0x0 RTOS/Source/timers.o
 .debug_info    0x00000000       0x64 RTOS/Source/timers.o
 .debug_abbrev  0x00000000       0x26 RTOS/Source/timers.o
 .debug_aranges
                0x00000000       0x18 RTOS/Source/timers.o
 .debug_line    0x00000000       0x1a RTOS/Source/timers.o
 .debug_str     0x00000000      0x19d RTOS/Source/timers.o
 .comment       0x00000000       0x31 RTOS/Source/timers.o
 .text          0x00000000        0x0 c:/program files (x86)/atmel/studio/7.0/toolchain/avr8/avr8-gnu-toolchain/bin/../lib/gcc/avr/4.9.2/avr5\libgcc.a(_udivmodhi4.o)
 .data          0x00000000        0x0 c:/program files (x86)/atmel/studio/7.0/toolchain/avr8/avr8-gnu-toolchain/bin/../lib/gcc/avr/4.9.2/avr5\libgcc.a(_udivmodhi4.o)
 .bss           0x00000000        0x0 c:/program files (x86)/atmel/studio/7.0/toolchain/avr8/avr8-gnu-toolchain/bin/../lib/gcc/avr/4.9.2/avr5\libgcc.a(_udivmodhi4.o)
 .text.libgcc.mul
                0x00000000        0x0 c:/program files (x86)/atmel/studio/7.0/toolchain/avr8/avr8-gnu-toolchain/bin/../lib/gcc/avr/4.9.2/avr5\libgcc.a(_udivmodhi4.o)
 .text.libgcc.div
                0x00000000       0x28 c:/program files (x86)/atmel/studio/7.0/toolchain/avr8/avr8-gnu-toolchain/bin/../lib/gcc/avr/4.9.2/avr5\libgcc.a(_udivmodhi4.o)
 .text.libgcc   0x00000000        0x0 c:/program files (x86)/atmel/studio/7.0/toolchain/avr8/avr8-gnu-toolchain/bin/../lib/gcc/avr/4.9.2/avr5\libgcc.a(_udivmodhi4.o)
 .text.libgcc.prologue
                0x00000000        0x0 c:/program files (x86)/atmel/studio/7.0/toolchain/avr8/avr8-gnu-toolchain/bin/../lib/gcc/avr/4.9.2/avr5\libgcc.a(_udivmodhi4.o)
 .text.libgcc.builtins
                0x00000000        0x0 c:/program files (x86)/atmel/studio/7.0/toolchain/avr8/avr8-gnu-toolchain/bin/../lib/gcc/avr/4.9.2/avr5\libgcc.a(_udivmodhi4.o)
 .text.libgcc.fmul
                0x00000000        0x0 c:/program files (x86)/atmel/studio/7.0/toolchain/avr8/avr8-gnu-toolchain/bin/../lib/gcc/avr/4.9.2/avr5\libgcc.a(_udivmodhi4.o)
 .text.libgcc.fixed
                0x00000000        0x0 c:/program files (x86)/atmel/studio/7.0/toolchain/avr8/avr8-gnu-toolchain/bin/../lib/gcc/avr/4.9.2/avr5\libgcc.a(_udivmodhi4.o)
 .text          0x00000000        0x0 c:/program files (x86)/atmel/studio/7.0/toolchain/avr8/avr8-gnu-toolchain/bin/../lib/gcc/avr/4.9.2/avr5\libgcc.a(_udivmodsi4.o)
 .data          0x00000000        0x0 c:/program files (x86)/atmel/studio/7.0/toolchain/avr8/avr8-gnu-toolchain/bin/../lib/gcc/avr/4.9.2/avr5\libgcc.a(_udivmodsi4.o)
 .bss           0x00000000        0x0 c:/program files (x86)/atmel/studio/7.0/toolchain/avr8/avr8-gnu-toolchain/bin/../lib/gcc/avr/4.9.2/avr5\libgcc.a(_udivmodsi4.o)
 .text.libgcc.mul
                0x00000000        0x0 c:/program files (x86)/atmel/studio/7.0/toolchain/avr8/avr8-gnu-toolchain/bin/../lib/gcc/avr/4.9.2/avr5\libgcc.a(_udivmodsi4.o)
 .text.libgcc   0x00000000        0x0 c:/program files (x86)/atmel/studio/7.0/toolchain/avr8/avr8-gnu-toolchain/bin/../lib/gcc/avr/4.9.2/avr5\libgcc.a(_udivmodsi4.o)
 .text.libgcc.prologue
                0x00000000        0x0 c:/program files (x86)/atmel/studio/7.0/toolchain/avr8/avr8-gnu-toolchain/bin/../lib/gcc/avr/4.9.2/avr5\libgcc.a(_udivmodsi4.o)
 .text.libgcc.builtins
                0x00000000        0x0 c:/program files (x86)/atmel/studio/7.0/toolchain/avr8/avr8-gnu-toolchain/bin/../lib/gcc/avr/4.9.2/avr5\libgcc.a(_udivmodsi4.o)
 .text.libgcc.fmul
                0x00000000        0x0 c:/program files (x86)/atmel/studio/7.0/toolchain/avr8/avr8-gnu-toolchain/bin/../lib/gcc/avr/4.9.2/avr5\libgcc.a(_udivmodsi4.o)
 .text.libgcc.fixed
                0x00000000        0x0 c:/program files (x86)/atmel/studio/7.0/toolchain/avr8/avr8-gnu-toolchain/bin/../lib/gcc/avr/4.9.2/avr5\libgcc.a(_udivmodsi4.o)
 .text          0x00000000        0x0 c:/program files (x86)/atmel/studio/7.0/toolchain/avr8/avr8-gnu-toolchain/bin/../lib/gcc/avr/4.9.2/avr5\libgcc.a(_exit.o)
 .data          0x00000000        0x0 c:/program files (x86)/atmel/studio/7.0/toolchain/avr8/avr8-gnu-toolchain/bin/../lib/gcc/avr/4.9.2/avr5\libgcc.a(_exit.o)
 .bss           0x00000000        0x0 c:/program files (x86)/atmel/studio/7.0/toolchain/avr8/avr8-gnu-toolchain/bin/../lib/gcc/avr/4.9.2/avr5\libgcc.a(_exit.o)
 .text.libgcc.mul
                0x00000000        0x0 c:/program files (x86)/atmel/studio/7.0/toolchain/avr8/avr8-gnu-toolchain/bin/../lib/gcc/avr/4.9.2/avr5\libgcc.a(_exit.o)
 .text.libgcc.div
                0x00000000        0x0 c:/program files (x86)/atmel/studio/7.0/toolchain/avr8/avr8-gnu-toolchain/bin/../lib/gcc/avr/4.9.2/avr5\libgcc.a(_exit.o)
 .text.libgcc   0x00000000        0x0 c:/program files (x86)/atmel/studio/7.0/toolchain/avr8/avr8-gnu-toolchain/bin/../lib/gcc/avr/4.9.2/avr5\libgcc.a(_exit.o)
 .text.libgcc.prologue
                0x00000000        0x0 c:/program files (x86)/atmel/studio/7.0/toolchain/avr8/avr8-gnu-toolchain/bin/../lib/gcc/avr/4.9.2/avr5\libgcc.a(_exit.o)
 .text.libgcc.builtins
                0x00000000        0x0 c:/program files (x86)/atmel/studio/7.0/toolchain/avr8/avr8-gnu-toolchain/bin/../lib/gcc/avr/4.9.2/avr5\libgcc.a(_exit.o)
 .text.libgcc.fmul
                0x00000000        0x0 c:/program files (x86)/atmel/studio/7.0/toolchain/avr8/avr8-gnu-toolchain/bin/../lib/gcc/avr/4.9.2/avr5\libgcc.a(_exit.o)
 .text.libgcc.fixed
                0x00000000        0x0 c:/program files (x86)/atmel/studio/7.0/toolchain/avr8/avr8-gnu-toolchain/bin/../lib/gcc/avr/4.9.2/avr5\libgcc.a(_exit.o)
 .text          0x00000000        0x0 c:/program files (x86)/atmel/studio/7.0/toolchain/avr8/avr8-gnu-toolchain/bin/../lib/gcc/avr/4.9.2/avr5\libgcc.a(_copy_data.o)
 .data          0x00000000        0x0 c:/program files (x86)/atmel/studio/7.0/toolchain/avr8/avr8-gnu-toolchain/bin/../lib/gcc/avr/4.9.2/avr5\libgcc.a(_copy_data.o)
 .bss           0x00000000        0x0 c:/program files (x86)/atmel/studio/7.0/toolchain/avr8/avr8-gnu-toolchain/bin/../lib/gcc/avr/4.9.2/avr5\libgcc.a(_copy_data.o)
 .text.libgcc.mul
                0x00000000        0x0 c:/program files (x86)/atmel/studio/7.0/toolchain/avr8/avr8-gnu-toolchain/bin/../lib/gcc/avr/4.9.2/avr5\libgcc.a(_copy_data.o)
 .text.libgcc.div
                0x00000000        0x0 c:/program files (x86)/atmel/studio/7.0/toolchain/avr8/avr8-gnu-toolchain/bin/../lib/gcc/avr/4.9.2/avr5\libgcc.a(_copy_data.o)
 .text.libgcc   0x00000000        0x0 c:/program files (x86)/atmel/studio/7.0/toolchain/avr8/avr8-gnu-toolchain/bin/../lib/gcc/avr/4.9.2/avr5\libgcc.a(_copy_data.o)
 .text.libgcc.prologue
                0x00000000        0x0 c:/program files (x86)/atmel/studio/7.0/toolchain/avr8/avr8-gnu-toolchain/bin/../lib/gcc/avr/4.9.2/avr5\libgcc.a(_copy_data.o)
 .text.libgcc.builtins
                0x00000000        0x0 c:/program files (x86)/atmel/studio/7.0/toolchain/avr8/avr8-gnu-toolchain/bin/../lib/gcc/avr/4.9.2/avr5\libgcc.a(_copy_data.o)
 .text.libgcc.fmul
                0x00000000        0x0 c:/program files (x86)/atmel/studio/7.0/toolchain/avr8/avr8-gnu-toolchain/bin/../lib/gcc/avr/4.9.2/avr5\libgcc.a(_copy_data.o)
 .text.libgcc.fixed
                0x00000000        0x0 c:/program files (x86)/atmel/studio/7.0/toolchain/avr8/avr8-gnu-toolchain/bin/../lib/gcc/avr/4.9.2/avr5\libgcc.a(_copy_data.o)
 .text          0x00000000        0x0 c:/program files (x86)/atmel/studio/7.0/toolchain/avr8/avr8-gnu-toolchain/bin/../lib/gcc/avr/4.9.2/avr5\libgcc.a(_clear_bss.o)
 .data          0x00000000        0x0 c:/program files (x86)/atmel/studio/7.0/toolchain/avr8/avr8-gnu-toolchain/bin/../lib/gcc/avr/4.9.2/avr5\libgcc.a(_clear_bss.o)
 .bss           0x00000000        0x0 c:/program files (x86)/atmel/studio/7.0/toolchain/avr8/avr8-gnu-toolchain/bin/../lib/gcc/avr/4.9.2/avr5\libgcc.a(_clear_bss.o)
 .text.libgcc.mul
                0x00000000        0x0 c:/program files (x86)/atmel/studio/7.0/toolchain/avr8/avr8-gnu-toolchain/bin/../lib/gcc/avr/4.9.2/avr5\libgcc.a(_clear_bss.o)
 .text.libgcc.div
                0x00000000        0x0 c:/program files (x86)/atmel/studio/7.0/toolchain/avr8/avr8-gnu-toolchain/bin/../lib/gcc/avr/4.9.2/avr5\libgcc.a(_clear_bss.o)
 .text.libgcc   0x00000000        0x0 c:/program files (x86)/atmel/studio/7.0/toolchain/avr8/avr8-gnu-toolchain/bin/../lib/gcc/avr/4.9.2/avr5\libgcc.a(_clear_bss.o)
 .text.libgcc.prologue
                0x00000000        0x0 c:/program files (x86)/atmel/studio/7.0/toolchain/avr8/avr8-gnu-toolchain/bin/../lib/gcc/avr/4.9.2/avr5\libgcc.a(_clear_bss.o)
 .text.libgcc.builtins
                0x00000000        0x0 c:/program files (x86)/atmel/studio/7.0/toolchain/avr8/avr8-gnu-toolchain/bin/../lib/gcc/avr/4.9.2/avr5\libgcc.a(_clear_bss.o)
 .text.libgcc.fmul
                0x00000000        0x0 c:/program files (x86)/atmel/studio/7.0/toolchain/avr8/avr8-gnu-toolchain/bin/../lib/gcc/avr/4.9.2/avr5\libgcc.a(_clear_bss.o)
 .text.libgcc.fixed
                0x00000000        0x0 c:/program files (x86)/atmel/studio/7.0/toolchain/avr8/avr8-gnu-toolchain/bin/../lib/gcc/avr/4.9.2/avr5\libgcc.a(_clear_bss.o)
 .text          0x00000000        0x0 c:/program files (x86)/atmel/studio/7.0/toolchain/avr8/avr8-gnu-toolchain/bin/../lib/gcc/avr/4.9.2/avr5\libgcc.a(_umulhisi3.o)
 .data          0x00000000        0x0 c:/program files (x86)/atmel/studio/7.0/toolchain/avr8/avr8-gnu-toolchain/bin/../lib/gcc/avr/4.9.2/avr5\libgcc.a(_umulhisi3.o)
 .bss           0x00000000        0x0 c:/program files (x86)/atmel/studio/7.0/toolchain/avr8/avr8-gnu-toolchain/bin/../lib/gcc/avr/4.9.2/avr5\libgcc.a(_umulhisi3.o)
 .text.libgcc.div
                0x00000000        0x0 c:/program files (x86)/atmel/studio/7.0/toolchain/avr8/avr8-gnu-toolchain/bin/../lib/gcc/avr/4.9.2/avr5\libgcc.a(_umulhisi3.o)
 .text.libgcc   0x00000000        0x0 c:/program files (x86)/atmel/studio/7.0/toolchain/avr8/avr8-gnu-toolchain/bin/../lib/gcc/avr/4.9.2/avr5\libgcc.a(_umulhisi3.o)
 .text.libgcc.prologue
                0x00000000        0x0 c:/program files (x86)/atmel/studio/7.0/toolchain/avr8/avr8-gnu-toolchain/bin/../lib/gcc/avr/4.9.2/avr5\libgcc.a(_umulhisi3.o)
 .text.libgcc.builtins
                0x00000000        0x0 c:/program files (x86)/atmel/studio/7.0/toolchain/avr8/avr8-gnu-toolchain/bin/../lib/gcc/avr/4.9.2/avr5\libgcc.a(_umulhisi3.o)
 .text.libgcc.fmul
                0x00000000        0x0 c:/program files (x86)/atmel/studio/7.0/toolchain/avr8/avr8-gnu-toolchain/bin/../lib/gcc/avr/4.9.2/avr5\libgcc.a(_umulhisi3.o)
 .text.libgcc.fixed
                0x00000000        0x0 c:/program files (x86)/atmel/studio/7.0/toolchain/avr8/avr8-gnu-toolchain/bin/../lib/gcc/avr/4.9.2/avr5\libgcc.a(_umulhisi3.o)
 .text          0x00000000        0x0 c:/program files (x86)/atmel/studio/7.0/toolchain/avr8/avr8-gnu-toolchain/bin/../lib/gcc/avr/4.9.2/../../../../avr/lib/avr5\libc.a(memcpy.o)
 .data          0x00000000        0x0 c:/program files (x86)/atmel/studio/7.0/toolchain/avr8/avr8-gnu-toolchain/bin/../lib/gcc/avr/4.9.2/../../../../avr/lib/avr5\libc.a(memcpy.o)
 .bss           0x00000000        0x0 c:/program files (x86)/atmel/studio/7.0/toolchain/avr8/avr8-gnu-toolchain/bin/../lib/gcc/avr/4.9.2/../../../../avr/lib/avr5\libc.a(memcpy.o)
 .text.avr-libc
                0x00000000       0x12 c:/program files (x86)/atmel/studio/7.0/toolchain/avr8/avr8-gnu-toolchain/bin/../lib/gcc/avr/4.9.2/../../../../avr/lib/avr5\libc.a(memcpy.o)

Memory Configuration

Name             Origin             Length             Attributes
text             0x00000000         0x00020000         xr
data             0x00800060         0x0000ffa0         rw !x
eeprom           0x00810000         0x00010000         rw !x
fuse             0x00820000         0x00000002         rw !x
lock             0x00830000         0x00000400         rw !x
signature        0x00840000         0x00000400         rw !x
user_signatures  0x00850000         0x00000400         rw !x
*default*        0x00000000         0xffffffff

Linker script and memory map

LOAD C:/Program Files (x86)/Atmel/Studio/7.0/Packs/atmel/ATmega_DFP/1.1.130/gcc/dev/atmega32/avr5/crtatmega32.o
LOAD APP/main.o
LOAD HAL/LED/LED0/LED0_Program.o
LOAD HAL/LED/LED1/LED1_Program.o
LOAD HAL/LED/LED2/LED2_Program.o
LOAD HAL/RELAY/RELAY0/RELAY0_Program.o
LOAD HAL/RELAY/RELAY1/RELAY1_Program.o
LOAD MCAL/ADC/ADC_Program.o
LOAD MCAL/DIO/DIO_Program.o
LOAD MCAL/EXE_INTERRUPT/EXTI_Program.o
LOAD MCAL/I2C/I2C_Program.o
LOAD MCAL/SPI/SPI_Program.o
LOAD MCAL/TIMERS/TIMER0/TMR0_Program.o
LOAD MCAL/TIMERS/TIMER1/TMR1_Program.o
LOAD RTOS/API/API_Task.o
LOAD RTOS/Source/croutine.o
LOAD RTOS/Source/event_groups.o
LOAD RTOS/Source/heap_4.o
LOAD RTOS/Source/list.o
LOAD RTOS/Source/port.o
LOAD RTOS/Source/queue.o
LOAD RTOS/Source/stream_buffer.o
LOAD RTOS/Source/tasks.o
LOAD RTOS/Source/timers.o
START GROUP
LOAD c:/program files (x86)/atmel/studio/7.0/toolchain/avr8/avr8-gnu-toolchain/bin/../lib/gcc/avr/4.9.2/../../../../avr/lib/avr5\libm.a
END GROUP
START GROUP
LOAD c:/program files (x86)/atmel/studio/7.0/toolchain/avr8/avr8-gnu-toolchain/bin/../lib/gcc/avr/4.9.2/avr5\libgcc.a
LOAD c:/program files (x86)/atmel/studio/7.0/toolchain/avr8/avr8-gnu-toolchain/bin/../lib/gcc/avr/4.9.2/../../../../avr/lib/avr5\libm.a
LOAD c:/program files (x86)/atmel/studio/7.0/toolchain/avr8/avr8-gnu-toolchain/bin/../lib/gcc/avr/4.9.2/../../../../avr/lib/avr5\libc.a
LOAD C:/Program Files (x86)/Atmel/Studio/7.0/Packs/atmel/ATmega_DFP/1.1.130/gcc/dev/atmega32/avr5\libatmega32.a
END GROUP
                0x00020000                __TEXT_REGION_LENGTH__ = DEFINED (__TEXT_REGION_LENGTH__)?__TEXT_REGION_LENGTH__:0x20000
                0x0000ffa0                __DATA_REGION_LENGTH__ = DEFINED (__DATA_REGION_LENGTH__)?__DATA_REGION_LENGTH__:0xffa0
                0x00010000                __EEPROM_REGION_LENGTH__ = DEFINED (__EEPROM_REGION_LENGTH__)?__EEPROM_REGION_LENGTH__:0x10000
                [0x00000002]                __FUSE_REGION_LENGTH__ = DEFINED (__FUSE_REGION_LENGTH__)?__FUSE_REGION_LENGTH__:0x400
                0x00000400                __LOCK_REGION_LENGTH__ = DEFINED (__LOCK_REGION_LENGTH__)?__LOCK_REGION_LENGTH__:0x400
                0x00000400                __SIGNATURE_REGION_LENGTH__ = DEFINED (__SIGNATURE_REGION_LENGTH__)?__SIGNATURE_REGION_LENGTH__:0x400
                0x00000400                __USER_SIGNATURE_REGION_LENGTH__ = DEFINED (__USER_SIGNATURE_REGION_LENGTH__)?__USER_SIGNATURE_REGION_LENGTH__:0x400

.hash
 *(.hash)

.dynsym
 *(.dynsym)

.dynstr
 *(.dynstr)

.gnu.version
 *(.gnu.version)

.gnu.version_d
 *(.gnu.version_d)

.gnu.version_r
 *(.gnu.version_r)

.rel.init
 *(.rel.init)

.rela.init
 *(.rela.init)

.rel.text
 *(.rel.text)
 *(.rel.text.*)
 *(.rel.gnu.linkonce.t*)

.rela.text
 *(.rela.text)
 *(.rela.text.*)
 *(.rela.gnu.linkonce.t*)

.rel.fini
 *(.rel.fini)

.rela.fini
 *(.rela.fini)

.rel.rodata
 *(.rel.rodata)
 *(.rel.rodata.*)
 *(.rel.gnu.linkonce.r*)

.rela.rodata
 *(.rela.rodata)
 *(.rela.rodata.*)
 *(.rela.gnu.linkonce.r*)

.rel.data
 *(.rel.data)
 *(.rel.data.*)
 *(.rel.gnu.linkonce.d*)

.rela.data
 *(.rela.data)
 *(.rela.data.*)
 *(.rela.gnu.linkonce.d*)

.rel.ctors
 *(.rel.ctors)

.rela.ctors
 *(.rela.ctors)

.rel.dtors
 *(.rel.dtors)

.rela.dtors
 *(.rela.dtors)

.rel.got
 *(.rel.got)

.rela.got
 *(.rela.got)

.rel.bss
 *(.rel.bss)

.rela.bss
 *(.rela.bss)

.rel.plt
 *(.rel.plt)

.rela.plt
 *(.rela.plt)

.text           0x00000000     0x18c4
 *(.vectors)
 .vectors       0x00000000       0x54 C:/Program Files (x86)/Atmel/Studio/7.0/Packs/atmel/ATmega_DFP/1.1.130/gcc/dev/atmega32/avr5/crtatmega32.o
                0x00000000                __vector_default
                0x00000000                __vectors
 *(.vectors)
 *(.progmem.gcc*)
                0x00000054                . = ALIGN (0x2)
                0x00000054                __trampolines_start = .
 *(.trampolines)
 .trampolines   0x00000054        0x0 linker stubs
 *(.trampolines*)
                0x00000054                __trampolines_end = .
 *libprintf_flt.a:*(.progmem.data)
 *libc.a:*(.progmem.data)
 *(.progmem*)
                0x00000054                . = ALIGN (0x2)
 *(.jumptables)
 *(.jumptables*)
 *(.lowtext)
 *(.lowtext*)
                0x00000054                __ctors_start = .
 *(.ctors)
                0x00000054                __ctors_end = .
                0x00000054                __dtors_start = .
 *(.dtors)
                0x00000054                __dtors_end = .
 SORT(*)(.ctors)
 SORT(*)(.dtors)
 *(.init0)
 .init0         0x00000054        0x0 C:/Program Files (x86)/Atmel/Studio/7.0/Packs/atmel/ATmega_DFP/1.1.130/gcc/dev/atmega32/avr5/crtatmega32.o
                0x00000054                __init
 *(.init0)
 *(.init1)
 *(.init1)
 *(.init2)
 .init2         0x00000054        0xc C:/Program Files (x86)/Atmel/Studio/7.0/Packs/atmel/ATmega_DFP/1.1.130/gcc/dev/atmega32/avr5/crtatmega32.o
 *(.init2)
 *(.init3)
 *(.init3)
 *(.init4)
 .init4         0x00000060       0x16 c:/program files (x86)/atmel/studio/7.0/toolchain/avr8/avr8-gnu-toolchain/bin/../lib/gcc/avr/4.9.2/avr5\libgcc.a(_copy_data.o)
                0x00000060                __do_copy_data
 .init4         0x00000076       0x10 c:/program files (x86)/atmel/studio/7.0/toolchain/avr8/avr8-gnu-toolchain/bin/../lib/gcc/avr/4.9.2/avr5\libgcc.a(_clear_bss.o)
                0x00000076                __do_clear_bss
 *(.init4)
 *(.init5)
 *(.init5)
 *(.init6)
 *(.init6)
 *(.init7)
 *(.init7)
 *(.init8)
 *(.init8)
 *(.init9)
 .init9         0x00000086        0x8 C:/Program Files (x86)/Atmel/Studio/7.0/Packs/atmel/ATmega_DFP/1.1.130/gcc/dev/atmega32/avr5/crtatmega32.o
 *(.init9)
 *(.text)
 .text          0x0000008e        0x4 C:/Program Files (x86)/Atmel/Studio/7.0/Packs/atmel/ATmega_DFP/1.1.130/gcc/dev/atmega32/avr5/crtatmega32.o
                0x0000008e                __vector_12
                0x0000008e                __bad_interrupt
                0x0000008e                __vector_6
                0x0000008e                __vector_11
                0x0000008e                __vector_13
                0x0000008e                __vector_17
                0x0000008e                __vector_19
                0x0000008e                __vector_5
                0x0000008e                __vector_15
                0x0000008e                __vector_8
                0x0000008e                __vector_14
                0x0000008e                __vector_16
                0x0000008e                __vector_18
                0x0000008e                __vector_20
                0x00000092                . = ALIGN (0x2)
 *(.text.*)
 .text.main     0x00000092       0x4a APP/main.o
                0x00000092                main
 .text.RELAY0_Initialization
                0x000000dc        0xc HAL/RELAY/RELAY0/RELAY0_Program.o
                0x000000dc                RELAY0_Initialization
 .text.RELAY0_ON
                0x000000e8        0xc HAL/RELAY/RELAY0/RELAY0_Program.o
                0x000000e8                RELAY0_ON
 .text.RELAY0_OFF
                0x000000f4        0xc HAL/RELAY/RELAY0/RELAY0_Program.o
                0x000000f4                RELAY0_OFF
 .text.RELAY1_Initialization
                0x00000100        0xc HAL/RELAY/RELAY1/RELAY1_Program.o
                0x00000100                RELAY1_Initialization
 .text.RELAY1_ON
                0x0000010c        0xc HAL/RELAY/RELAY1/RELAY1_Program.o
                0x0000010c                RELAY1_ON
 .text.RELAY1_OFF
                0x00000118        0xc HAL/RELAY/RELAY1/RELAY1_Program.o
                0x00000118                RELAY1_OFF
 .text.DIO_SetPinDirection
                0x00000124       0xe2 MCAL/DIO/DIO_Program.o
                0x00000124                DIO_SetPinDirection
 .text.DIO_SetPinValue
                0x00000206       0xe2 MCAL/DIO/DIO_Program.o
                0x00000206                DIO_SetPinValue
 .text.DIO_SetPinPullUp
                0x000002e8       0x68 MCAL/DIO/DIO_Program.o
                0x000002e8                DIO_SetPinPullUp
 .text.EXTI_INT0_Init
                0x00000350       0x18 MCAL/EXE_INTERRUPT/EXTI_Program.o
                0x00000350                EXTI_INT0_Init
 .text.EXTI_INT1_Init
                0x00000368       0x1c MCAL/EXE_INTERRUPT/EXTI_Program.o
                0x00000368                EXTI_INT1_Init
 .text.EXTI_INT2_Init
                0x00000384       0x20 MCAL/EXE_INTERRUPT/EXTI_Program.o
                0x00000384                EXTI_INT2_Init
 .text.EXTI_INT0_SetCallback
                0x000003a4        0xa MCAL/EXE_INTERRUPT/EXTI_Program.o
                0x000003a4                EXTI_INT0_SetCallback
 .text.EXTI_INT1_SetCallback
                0x000003ae        0xa MCAL/EXE_INTERRUPT/EXTI_Program.o
                0x000003ae                EXTI_INT1_SetCallback
 .text.EXTI_INT2_SetCallback
                0x000003b8        0xa MCAL/EXE_INTERRUPT/EXTI_Program.o
                0x000003b8                EXTI_INT2_SetCallback
 .text.__vector_1
                0x000003c2       0x52 MCAL/EXE_INTERRUPT/EXTI_Program.o
                0x000003c2                __vector_1
 .text.__vector_2
                0x00000414       0x52 MCAL/EXE_INTERRUPT/EXTI_Program.o
                0x00000414                __vector_2
 .text.__vector_3
                0x00000466       0x52 MCAL/EXE_INTERRUPT/EXTI_Program.o
                0x00000466                __vector_3
 .text.SPI_InitSlave
                0x000004b8       0x20 MCAL/SPI/SPI_Program.o
                0x000004b8                SPI_InitSlave
 .text.SPI_Receive
                0x000004d8        0x8 MCAL/SPI/SPI_Program.o
                0x000004d8                SPI_Receive
 .text.TMR0_Init
                0x000004e0       0x1a MCAL/TIMERS/TIMER0/TMR0_Program.o
                0x000004e0                TMR0_Init
 .text.TMR0_Start
                0x000004fa       0x52 MCAL/TIMERS/TIMER0/TMR0_Program.o
                0x000004fa                TMR0_Start
 .text.__vector_10
                0x0000054c       0x7a MCAL/TIMERS/TIMER0/TMR0_Program.o
                0x0000054c                __vector_10
 .text.TMR1_Init
                0x000005c6       0x16 MCAL/TIMERS/TIMER1/TMR1_Program.o
                0x000005c6                TMR1_Init
 .text.__vector_7
                0x000005dc       0x5a MCAL/TIMERS/TIMER1/TMR1_Program.o
                0x000005dc                __vector_7
 .text.__vector_9
                0x00000636       0x62 MCAL/TIMERS/TIMER1/TMR1_Program.o
                0x00000636                __vector_9
 .text.TMR1_PWM_SetDutyCycleA
                0x00000698        0x8 MCAL/TIMERS/TIMER1/TMR1_Program.o
                0x00000698                TMR1_PWM_SetDutyCycleA
 .text.TMR1_PWM_SetFrequency
                0x000006a0       0x24 MCAL/TIMERS/TIMER1/TMR1_Program.o
                0x000006a0                TMR1_PWM_SetFrequency
 .text.switch_pressed
                0x000006c4       0x16 RTOS/API/API_Task.o
                0x000006c4                switch_pressed
 .text.fan_pressed
                0x000006da       0x12 RTOS/API/API_Task.o
                0x000006da                fan_pressed
 .text.heater_pressed
                0x000006ec       0x12 RTOS/API/API_Task.o
                0x000006ec                heater_pressed
 .text.vRecieveTask
                0x000006fe       0x7a RTOS/API/API_Task.o
                0x000006fe                vRecieveTask
 .text.vInitTask
                0x00000778       0xa0 RTOS/API/API_Task.o
                0x00000778                vInitTask
 .text.prvInsertBlockIntoFreeList
                0x00000818       0x9e RTOS/Source/heap_4.o
 .text.pvPortMalloc
                0x000008b6      0x18e RTOS/Source/heap_4.o
                0x000008b6                pvPortMalloc
 .text.vPortFree
                0x00000a44       0x64 RTOS/Source/heap_4.o
                0x00000a44                vPortFree
 .text.vListInitialise
                0x00000aa8       0x1c RTOS/Source/list.o
                0x00000aa8                vListInitialise
 .text.vListInitialiseItem
                0x00000ac4        0x8 RTOS/Source/list.o
                0x00000ac4                vListInitialiseItem
 .text.vListInsertEnd
                0x00000acc       0x42 RTOS/Source/list.o
                0x00000acc                vListInsertEnd
 .text.vListInsert
                0x00000b0e       0x62 RTOS/Source/list.o
                0x00000b0e                vListInsert
 .text.uxListRemove
                0x00000b70       0x4e RTOS/Source/list.o
                0x00000b70                uxListRemove
 .text.pxPortInitialiseStack
                0x00000bbe       0xd8 RTOS/Source/port.o
                0x00000bbe                pxPortInitialiseStack
 .text.xPortStartScheduler
                0x00000c96       0x70 RTOS/Source/port.o
                0x00000c96                xPortStartScheduler
 .text.vPortYield
                0x00000d06       0xb2 RTOS/Source/port.o
                0x00000d06                vPortYield
 .text.vPortYieldFromTick
                0x00000db8       0xb8 RTOS/Source/port.o
                0x00000db8                vPortYieldFromTick
 .text.__vector_4
                0x00000e70        0x6 RTOS/Source/port.o
                0x00000e70                __vector_4
 .text.prvResetNextTaskUnblockTime
                0x00000e76       0x38 RTOS/Source/tasks.o
 .text.prvIdleTask
                0x00000eae       0x58 RTOS/Source/tasks.o
 .text.prvAddCurrentTaskToDelayedList
                0x00000f06      0x102 RTOS/Source/tasks.o
 .text.xTaskCreate
                0x00001008      0x260 RTOS/Source/tasks.o
                0x00001008                xTaskCreate
 .text.vTaskStartScheduler
                0x00001268       0x58 RTOS/Source/tasks.o
                0x00001268                vTaskStartScheduler
 .text.vTaskSuspendAll
                0x000012c0        0xc RTOS/Source/tasks.o
                0x000012c0                vTaskSuspendAll
 .text.xTaskIncrementTick
                0x000012cc      0x23e RTOS/Source/tasks.o
                0x000012cc                xTaskIncrementTick
 .text.xTaskResumeAll
                0x0000150a      0x1bc RTOS/Source/tasks.o
                0x0000150a                xTaskResumeAll
 .text.vTaskDelay
                0x000016c6       0x28 RTOS/Source/tasks.o
                0x000016c6                vTaskDelay
 .text.vTaskSwitchContext
                0x000016ee       0xcc RTOS/Source/tasks.o
                0x000016ee                vTaskSwitchContext
 .text.vTaskSuspend
                0x000017ba       0xa4 RTOS/Source/tasks.o
                0x000017ba                vTaskSuspend
 .text.libgcc.div
                0x0000185e       0x44 c:/program files (x86)/atmel/studio/7.0/toolchain/avr8/avr8-gnu-toolchain/bin/../lib/gcc/avr/4.9.2/avr5\libgcc.a(_udivmodsi4.o)
                0x0000185e                __udivmodsi4
 .text.libgcc.mul
                0x000018a2       0x1e c:/program files (x86)/atmel/studio/7.0/toolchain/avr8/avr8-gnu-toolchain/bin/../lib/gcc/avr/4.9.2/avr5\libgcc.a(_umulhisi3.o)
                0x000018a2                __umulhisi3
                0x000018c0                . = ALIGN (0x2)
 *(.fini9)
 .fini9         0x000018c0        0x0 c:/program files (x86)/atmel/studio/7.0/toolchain/avr8/avr8-gnu-toolchain/bin/../lib/gcc/avr/4.9.2/avr5\libgcc.a(_exit.o)
                0x000018c0                _exit
                0x000018c0                exit
 *(.fini9)
 *(.fini8)
 *(.fini8)
 *(.fini7)
 *(.fini7)
 *(.fini6)
 *(.fini6)
 *(.fini5)
 *(.fini5)
 *(.fini4)
 *(.fini4)
 *(.fini3)
 *(.fini3)
 *(.fini2)
 *(.fini2)
 *(.fini1)
 *(.fini1)
 *(.fini0)
 .fini0         0x000018c0        0x4 c:/program files (x86)/atmel/studio/7.0/toolchain/avr8/avr8-gnu-toolchain/bin/../lib/gcc/avr/4.9.2/avr5\libgcc.a(_exit.o)
 *(.fini0)
                0x000018c4                _etext = .

.data           0x00800060       0x1e load address 0x000018c4
                0x00800060                PROVIDE (__data_start, .)
 *(.data)
 *(.data*)
 .data.threshold
                0x00800060        0x1 RTOS/API/API_Task.o
                0x00800060                threshold
 .data.uxTopUsedPriority
                0x00800061        0x1 RTOS/Source/tasks.o
                0x00800061                uxTopUsedPriority
 *(.rodata)
 *(.rodata*)
 .rodata.str1.1
                0x00800062       0x17 APP/main.o
 .rodata.str1.1
                0x00800079        0x5 RTOS/Source/tasks.o
 *(.gnu.linkonce.d*)
                0x0080007e                . = ALIGN (0x2)
                0x0080007e                _edata = .
                0x0080007e                PROVIDE (__data_end, .)

.bss            0x0080007e      0x66b
                0x0080007e                PROVIDE (__bss_start, .)
 *(.bss)
 *(.bss*)
 .bss.EXTI_INT2_Callback
                0x0080007e        0x2 MCAL/EXE_INTERRUPT/EXTI_Program.o
 .bss.EXTI_INT1_Callback
                0x00800080        0x2 MCAL/EXE_INTERRUPT/EXTI_Program.o
 .bss.EXTI_INT0_Callback
                0x00800082        0x2 MCAL/EXE_INTERRUPT/EXTI_Program.o
 .bss.TMR0_CurrentMatches
                0x00800084        0x2 MCAL/TIMERS/TIMER0/TMR0_Program.o
 .bss.TMR0_RequiredMatches
                0x00800086        0x2 MCAL/TIMERS/TIMER0/TMR0_Program.o
 .bss.TMR0_Callback
                0x00800088        0x2 MCAL/TIMERS/TIMER0/TMR0_Program.o
 .bss.compare_match_counter
                0x0080008a        0x2 MCAL/TIMERS/TIMER1/TMR1_Program.o
 .bss.overflow_counter
                0x0080008c        0x4 MCAL/TIMERS/TIMER1/TMR1_Program.o
 .bss.TMR1_OverflowCallback
                0x00800090        0x2 MCAL/TIMERS/TIMER1/TMR1_Program.o
 .bss.TMR1_CallbackA
                0x00800092        0x2 MCAL/TIMERS/TIMER1/TMR1_Program.o
 .bss.lm_read   0x00800094        0x1 RTOS/API/API_Task.o
                0x00800094                lm_read
 .bss.switch_state
                0x00800095        0x1 RTOS/API/API_Task.o
                0x00800095                switch_state
 .bss.xBlockAllocatedBit
                0x00800096        0x2 RTOS/Source/heap_4.o
 .bss.xMinimumEverFreeBytesRemaining
                0x00800098        0x2 RTOS/Source/heap_4.o
 .bss.xFreeBytesRemaining
                0x0080009a        0x2 RTOS/Source/heap_4.o
 .bss.pxEnd     0x0080009c        0x2 RTOS/Source/heap_4.o
 .bss.xStart    0x0080009e        0x4 RTOS/Source/heap_4.o
 .bss.ucHeap    0x008000a2      0x5dc RTOS/Source/heap_4.o
 .bss.uxSchedulerSuspended
                0x0080067e        0x1 RTOS/Source/tasks.o
 .bss.xIdleTaskHandle
                0x0080067f        0x2 RTOS/Source/tasks.o
 .bss.xNextTaskUnblockTime
                0x00800681        0x2 RTOS/Source/tasks.o
 .bss.uxTaskNumber
                0x00800683        0x1 RTOS/Source/tasks.o
 .bss.xNumOfOverflows
                0x00800684        0x1 RTOS/Source/tasks.o
 .bss.xYieldPending
                0x00800685        0x1 RTOS/Source/tasks.o
 .bss.xPendedTicks
                0x00800686        0x2 RTOS/Source/tasks.o
 .bss.xSchedulerRunning
                0x00800688        0x1 RTOS/Source/tasks.o
 .bss.uxTopReadyPriority
                0x00800689        0x1 RTOS/Source/tasks.o
 .bss.xTickCount
                0x0080068a        0x2 RTOS/Source/tasks.o
 .bss.uxCurrentNumberOfTasks
                0x0080068c        0x1 RTOS/Source/tasks.o
 .bss.xSuspendedTaskList
                0x0080068d        0x9 RTOS/Source/tasks.o
 .bss.uxDeletedTasksWaitingCleanUp
                0x00800696        0x1 RTOS/Source/tasks.o
 .bss.xTasksWaitingTermination
                0x00800697        0x9 RTOS/Source/tasks.o
 .bss.xPendingReadyList
                0x008006a0        0x9 RTOS/Source/tasks.o
 .bss.pxOverflowDelayedTaskList
                0x008006a9        0x2 RTOS/Source/tasks.o
 .bss.pxDelayedTaskList
                0x008006ab        0x2 RTOS/Source/tasks.o
 .bss.xDelayedTaskList2
                0x008006ad        0x9 RTOS/Source/tasks.o
 .bss.xDelayedTaskList1
                0x008006b6        0x9 RTOS/Source/tasks.o
 .bss.pxReadyTasksLists
                0x008006bf       0x24 RTOS/Source/tasks.o
 .bss.pxCurrentTCB
                0x008006e3        0x2 RTOS/Source/tasks.o
                0x008006e3                pxCurrentTCB
 *(COMMON)
 COMMON         0x008006e5        0x4 RTOS/API/API_Task.o
                0x008006e5                xRecieveTaskHandle
                0x008006e7                xInitTaskHandle
                0x008006e9                PROVIDE (__bss_end, .)
                0x000018c4                __data_load_start = LOADADDR (.data)
                0x000018e2                __data_load_end = (__data_load_start + SIZEOF (.data))

.noinit         0x008006e9        0x0
                [!provide]                PROVIDE (__noinit_start, .)
 *(.noinit*)
                [!provide]                PROVIDE (__noinit_end, .)
                0x008006e9                _end = .
                [!provide]                PROVIDE (__heap_start, .)

.eeprom         0x00810000        0x0
 *(.eeprom*)
                0x00810000                __eeprom_end = .

.fuse
 *(.fuse)
 *(.lfuse)
 *(.hfuse)
 *(.efuse)

.lock
 *(.lock*)

.signature
 *(.signature*)

.user_signatures
 *(.user_signatures*)

.stab
 *(.stab)

.stabstr
 *(.stabstr)

.stab.excl
 *(.stab.excl)

.stab.exclstr
 *(.stab.exclstr)

.stab.index
 *(.stab.index)

.stab.indexstr
 *(.stab.indexstr)

.comment        0x00000000       0x30
 *(.comment)
 .comment       0x00000000       0x30 APP/main.o
                                 0x31 (size before relaxing)
 .comment       0x00000030       0x31 HAL/RELAY/RELAY0/RELAY0_Program.o
 .comment       0x00000030       0x31 HAL/RELAY/RELAY1/RELAY1_Program.o
 .comment       0x00000030       0x31 MCAL/DIO/DIO_Program.o
 .comment       0x00000030       0x31 MCAL/EXE_INTERRUPT/EXTI_Program.o
 .comment       0x00000030       0x31 MCAL/SPI/SPI_Program.o
 .comment       0x00000030       0x31 MCAL/TIMERS/TIMER0/TMR0_Program.o
 .comment       0x00000030       0x31 MCAL/TIMERS/TIMER1/TMR1_Program.o
 .comment       0x00000030       0x31 RTOS/API/API_Task.o
 .comment       0x00000030       0x31 RTOS/Source/heap_4.o
 .comment       0x00000030       0x31 RTOS/Source/list.o
 .comment       0x00000030       0x31 RTOS/Source/port.o
 .comment       0x00000030       0x31 RTOS/Source/tasks.o

.note.gnu.avr.deviceinfo
                0x00000000       0x3c
 .note.gnu.avr.deviceinfo
                0x00000000       0x3c C:/Program Files (x86)/Atmel/Studio/7.0/Packs/atmel/ATmega_DFP/1.1.130/gcc/dev/atmega32/avr5/crtatmega32.o

.note.gnu.build-id
 *(.note.gnu.build-id)

.debug
 *(.debug)

.line
 *(.line)

.debug_srcinfo
 *(.debug_srcinfo)

.debug_sfnames
 *(.debug_sfnames)

.debug_aranges  0x00000000      0x460
 *(.debug_aranges)
 .debug_aranges
                0x00000000       0x20 APP/main.o
 .debug_aranges
                0x00000020       0x30 HAL/RELAY/RELAY0/RELAY0_Program.o
 .debug_aranges
                0x00000050       0x30 HAL/RELAY/RELAY1/RELAY1_Program.o
 .debug_aranges
                0x00000080       0x40 MCAL/DIO/DIO_Program.o
 .debug_aranges
                0x000000c0       0x60 MCAL/EXE_INTERRUPT/EXTI_Program.o
 .debug_aranges
                0x00000120       0x40 MCAL/SPI/SPI_Program.o
 .debug_aranges
                0x00000160       0x40 MCAL/TIMERS/TIMER0/TMR0_Program.o
 .debug_aranges
                0x000001a0       0x70 MCAL/TIMERS/TIMER1/TMR1_Program.o
 .debug_aranges
                0x00000210       0x40 RTOS/API/API_Task.o
 .debug_aranges
                0x00000250       0x48 RTOS/Source/heap_4.o
 .debug_aranges
                0x00000298       0x40 RTOS/Source/list.o
 .debug_aranges
                0x000002d8       0x48 RTOS/Source/port.o
 .debug_aranges
                0x00000320      0x140 RTOS/Source/tasks.o

.debug_pubnames
 *(.debug_pubnames)

.debug_info     0x00000000     0x41e6
 *(.debug_info .gnu.linkonce.wi.*)
 .debug_info    0x00000000      0x4e6 C:/Program Files (x86)/Atmel/Studio/7.0/Packs/atmel/ATmega_DFP/1.1.130/gcc/dev/atmega32/avr5/crtatmega32.o
 .debug_info    0x000004e6      0x20b APP/main.o
 .debug_info    0x000006f1      0x202 HAL/RELAY/RELAY0/RELAY0_Program.o
 .debug_info    0x000008f3      0x202 HAL/RELAY/RELAY1/RELAY1_Program.o
 .debug_info    0x00000af5      0x26a MCAL/DIO/DIO_Program.o
 .debug_info    0x00000d5f      0x20b MCAL/EXE_INTERRUPT/EXTI_Program.o
 .debug_info    0x00000f6a      0x1e1 MCAL/SPI/SPI_Program.o
 .debug_info    0x0000114b      0x1cd MCAL/TIMERS/TIMER0/TMR0_Program.o
 .debug_info    0x00001318      0x2eb MCAL/TIMERS/TIMER1/TMR1_Program.o
 .debug_info    0x00001603      0x641 RTOS/API/API_Task.o
 .debug_info    0x00001c44      0x3b3 RTOS/Source/heap_4.o
 .debug_info    0x00001ff7      0x2d8 RTOS/Source/list.o
 .debug_info    0x000022cf      0x24c RTOS/Source/port.o
 .debug_info    0x0000251b     0x1ccb RTOS/Source/tasks.o

.debug_abbrev   0x00000000     0x14b7
 *(.debug_abbrev)
 .debug_abbrev  0x00000000      0x4a3 C:/Program Files (x86)/Atmel/Studio/7.0/Packs/atmel/ATmega_DFP/1.1.130/gcc/dev/atmega32/avr5/crtatmega32.o
 .debug_abbrev  0x000004a3       0xe0 APP/main.o
 .debug_abbrev  0x00000583       0xab HAL/RELAY/RELAY0/RELAY0_Program.o
 .debug_abbrev  0x0000062e       0xab HAL/RELAY/RELAY1/RELAY1_Program.o
 .debug_abbrev  0x000006d9       0xd9 MCAL/DIO/DIO_Program.o
 .debug_abbrev  0x000007b2       0xa8 MCAL/EXE_INTERRUPT/EXTI_Program.o
 .debug_abbrev  0x0000085a       0xbb MCAL/SPI/SPI_Program.o
 .debug_abbrev  0x00000915      0x120 MCAL/TIMERS/TIMER0/TMR0_Program.o
 .debug_abbrev  0x00000a35      0x121 MCAL/TIMERS/TIMER1/TMR1_Program.o
 .debug_abbrev  0x00000b56      0x16f RTOS/API/API_Task.o
 .debug_abbrev  0x00000cc5      0x208 RTOS/Source/heap_4.o
 .debug_abbrev  0x00000ecd       0xff RTOS/Source/list.o
 .debug_abbrev  0x00000fcc      0x167 RTOS/Source/port.o
 .debug_abbrev  0x00001133      0x384 RTOS/Source/tasks.o

.debug_line     0x00000000     0x26a2
 *(.debug_line .debug_line.* .debug_line_end)
 .debug_line    0x00000000      0x115 C:/Program Files (x86)/Atmel/Studio/7.0/Packs/atmel/ATmega_DFP/1.1.130/gcc/dev/atmega32/avr5/crtatmega32.o
 .debug_line    0x00000115       0xfb APP/main.o
 .debug_line    0x00000210       0xd0 HAL/RELAY/RELAY0/RELAY0_Program.o
 .debug_line    0x000002e0       0xd0 HAL/RELAY/RELAY1/RELAY1_Program.o
 .debug_line    0x000003b0      0x18a MCAL/DIO/DIO_Program.o
 .debug_line    0x0000053a      0x173 MCAL/EXE_INTERRUPT/EXTI_Program.o
 .debug_line    0x000006ad      0x120 MCAL/SPI/SPI_Program.o
 .debug_line    0x000007cd      0x171 MCAL/TIMERS/TIMER0/TMR0_Program.o
 .debug_line    0x0000093e      0x1e7 MCAL/TIMERS/TIMER1/TMR1_Program.o
 .debug_line    0x00000b25      0x3b9 RTOS/API/API_Task.o
 .debug_line    0x00000ede      0x33b RTOS/Source/heap_4.o
 .debug_line    0x00001219      0x1f3 RTOS/Source/list.o
 .debug_line    0x0000140c      0x29f RTOS/Source/port.o
 .debug_line    0x000016ab      0xff7 RTOS/Source/tasks.o

.debug_frame    0x00000000      0xbb8
 *(.debug_frame)
 .debug_frame   0x00000000       0x24 APP/main.o
 .debug_frame   0x00000024       0x44 HAL/RELAY/RELAY0/RELAY0_Program.o
 .debug_frame   0x00000068       0x44 HAL/RELAY/RELAY1/RELAY1_Program.o
 .debug_frame   0x000000ac       0x64 MCAL/DIO/DIO_Program.o
 .debug_frame   0x00000110      0x17c MCAL/EXE_INTERRUPT/EXTI_Program.o
 .debug_frame   0x0000028c       0x64 MCAL/SPI/SPI_Program.o
 .debug_frame   0x000002f0       0xac MCAL/TIMERS/TIMER0/TMR0_Program.o
 .debug_frame   0x0000039c      0x154 MCAL/TIMERS/TIMER1/TMR1_Program.o
 .debug_frame   0x000004f0       0x64 RTOS/API/API_Task.o
 .debug_frame   0x00000554       0xb4 RTOS/Source/heap_4.o
 .debug_frame   0x00000608       0x88 RTOS/Source/list.o
 .debug_frame   0x00000690       0x74 RTOS/Source/port.o
 .debug_frame   0x00000704      0x4b4 RTOS/Source/tasks.o

.debug_str      0x00000000     0x17d2
 *(.debug_str)
 .debug_str     0x00000000      0x196 C:/Program Files (x86)/Atmel/Studio/7.0/Packs/atmel/ATmega_DFP/1.1.130/gcc/dev/atmega32/avr5/crtatmega32.o
 .debug_str     0x00000196      0x211 APP/main.o
                                0x255 (size before relaxing)
 .debug_str     0x000003a7      0x12c HAL/RELAY/RELAY0/RELAY0_Program.o
                                0x2cd (size before relaxing)
 .debug_str     0x000004d3       0x50 HAL/RELAY/RELAY1/RELAY1_Program.o
                                0x2cd (size before relaxing)
 .debug_str     0x00000523       0x62 MCAL/DIO/DIO_Program.o
                                0x2e5 (size before relaxing)
 .debug_str     0x00000585      0x114 MCAL/EXE_INTERRUPT/EXTI_Program.o
                                0x2b5 (size before relaxing)
 .debug_str     0x00000699      0x130 MCAL/SPI/SPI_Program.o
                                0x2d1 (size before relaxing)
 .debug_str     0x000007c9       0xd6 MCAL/TIMERS/TIMER0/TMR0_Program.o
                                0x286 (size before relaxing)
 .debug_str     0x0000089f      0x197 MCAL/TIMERS/TIMER1/TMR1_Program.o
                                0x371 (size before relaxing)
 .debug_str     0x00000a36       0xa7 RTOS/API/API_Task.o
                                0x503 (size before relaxing)
 .debug_str     0x00000add      0x20d RTOS/Source/heap_4.o
                                0x3a6 (size before relaxing)
 .debug_str     0x00000cea      0x128 RTOS/Source/list.o
                                0x2de (size before relaxing)
 .debug_str     0x00000e12      0x100 RTOS/Source/port.o
                                0x2d1 (size before relaxing)
 .debug_str     0x00000f12      0x8c0 RTOS/Source/tasks.o
                                0xcc4 (size before relaxing)

.debug_loc      0x00000000     0x30ad
 *(.debug_loc)
 .debug_loc     0x00000000      0x378 MCAL/DIO/DIO_Program.o
 .debug_loc     0x00000378      0x2dd MCAL/EXE_INTERRUPT/EXTI_Program.o
 .debug_loc     0x00000655       0xa3 MCAL/SPI/SPI_Program.o
 .debug_loc     0x000006f8      0x166 MCAL/TIMERS/TIMER0/TMR0_Program.o
 .debug_loc     0x0000085e      0x2ba MCAL/TIMERS/TIMER1/TMR1_Program.o
 .debug_loc     0x00000b18       0x4c RTOS/API/API_Task.o
 .debug_loc     0x00000b64      0x3b6 RTOS/Source/heap_4.o
 .debug_loc     0x00000f1a      0x145 RTOS/Source/list.o
 .debug_loc     0x0000105f      0x274 RTOS/Source/port.o
 .debug_loc     0x000012d3     0x1dda RTOS/Source/tasks.o

.debug_macinfo
 *(.debug_macinfo)

.debug_weaknames
 *(.debug_weaknames)

.debug_funcnames
 *(.debug_funcnames)

.debug_typenames
 *(.debug_typenames)

.debug_varnames
 *(.debug_varnames)

.debug_pubtypes
 *(.debug_pubtypes)

.debug_ranges   0x00000000      0x3d8
 *(.debug_ranges)
 .debug_ranges  0x00000000       0x10 APP/main.o
 .debug_ranges  0x00000010       0x20 HAL/RELAY/RELAY0/RELAY0_Program.o
 .debug_ranges  0x00000030       0x20 HAL/RELAY/RELAY1/RELAY1_Program.o
 .debug_ranges  0x00000050       0x30 MCAL/DIO/DIO_Program.o
 .debug_ranges  0x00000080       0x50 MCAL/EXE_INTERRUPT/EXTI_Program.o
 .debug_ranges  0x000000d0       0x30 MCAL/SPI/SPI_Program.o
 .debug_ranges  0x00000100       0x30 MCAL/TIMERS/TIMER0/TMR0_Program.o
 .debug_ranges  0x00000130       0x60 MCAL/TIMERS/TIMER1/TMR1_Program.o
 .debug_ranges  0x00000190       0x30 RTOS/API/API_Task.o
 .debug_ranges  0x000001c0       0x38 RTOS/Source/heap_4.o
 .debug_ranges  0x000001f8       0x30 RTOS/Source/list.o
 .debug_ranges  0x00000228       0x38 RTOS/Source/port.o
 .debug_ranges  0x00000260      0x178 RTOS/Source/tasks.o

.debug_macro
 *(.debug_macro)
OUTPUT(GccApplication1.elf elf32-avr)
LOAD linker stubs
